103-230-20-9.dynamic.tentoten.net.geocitysolutions.yahoo.com
103-49-224-60.dynamic.BHARTIYANET.geocitysolutions.yahoo.com
103-49-225-160.dynamic.BHARTIYANET.geocitysolutions.yahoo.com
103-49-225-198.dynamic.BHARTIYANET.geocitysolutions.yahoo.com
103-49-225-199.dynamic.BHARTIYANET.geocitysolutions.yahoo.com
103-49-225-214.dynamic.BHARTIYANET.geocitysolutions.yahoo.com
103-49-227-120.dynamic.BHARTIYANET.geocitysolutions.yahoo.com
103-49-227-9.dynamic.BHARTIYANET.geocitysolutions.yahoo.com
UNKNOWN-203-84-221-X.yahoo.com
a.analytics.yahoo.com
about.yahoo.com
account.yahoo.com
add.my.yahoo.com
address.yahoo.com
ads.yahoo.com
adspecs.yahoo.com
advertising.yahoo.com
alerts.yahoo.com
alerts1.stage.citizen.gq1.yahoo.com
allhands.corp.yahoo.com
answers.yahoo.com
apac.analytics.yahoo.com
api.apple.go.yahoo.com
api.finance.yahoo.com
ar-mg6.mail.yahoo.com
ar.answers.yahoo.com
ar.groups.yahoo.com
ar.mail.yahoo.com
ar.search.yahoo.com
ar.yahoo.com
ar.yhs4.search.yahoo.com
archive.fantasysports.yahoo.com
asia.mail.yahoo.com
at.search.yahoo.com
ats02.member.tw1.yahoo.com
ats201.travel.tp2.yahoo.com
att.my.yahoo.com
att.software.yahoo.com
att.yahoo.com
attfeatures.yahoo.com
au-mg6.mail.yahoo.com
au.finance.yahoo.com
au.groups.yahoo.com
au.lifestyle.yahoo.com
au.mail.yahoo.com
au.mg4.mail.yahoo.com
au.my.yahoo.com
au.news.yahoo.com
au.search.yahoo.com
au.tv.yahoo.com
au.yahoo.com
au.yhs4.search.yahoo.com
autos.yahoo.com
autoshow.yahoo.com
aviate.yahoo.com
b2.data.vip.gq1.yahoo.com
babelfish.yahoo.com
backyard3.yahoo.com
baseball.fantasysports.yahoo.com
basket103.store.gq1.yahoo.com
basketball.fantasysports.yahoo.com
bats101.store.gq1.yahoo.com
beap-bc.yahoo.com
beta-vendor-os.corpapps.gq1.yahoo.com
beta.news.yahoo.com
biz.yahoo.com
bktb02.intl.gossip.search.ir2.yahoo.com
blog.yahoo.com
blogs.yahoo.com
br.answers.yahoo.com
br.celebridades.yahoo.com
br.financas.yahoo.com
br.groups.yahoo.com
br.images.search.yahoo.com
br.search.yahoo.com
br.vida-estilo.yahoo.com
br.yahoo.com
br.yhs4.search.yahoo.com
bt.overview.mail.yahoo.com
bt.yahoo.com
ca.celebrity.yahoo.com
ca.finance.yahoo.com
ca.images.search.yahoo.com
ca.lifestyle.yahoo.com
ca.mobile.yahoo.com
ca.movies.yahoo.com
ca.my.yahoo.com
ca.news.search.yahoo.com
ca.news.yahoo.com
ca.rd.yahoo.com
ca.rogers.yahoo.com
ca.search.yahoo.com
ca.shine.yahoo.com
ca.sports.yahoo.com
ca.style.yahoo.com
ca.yahoo.com
ca.yhs4.search.yahoo.com
cache106.flickr.sg3.yahoo.com
cache130.flickr.sg3.yahoo.com
calendar.mail.yahoo.com
calendar.yahoo.com
celebrity.yahoo.com
cf.calendar.yahoo.com
cf.my.yahoo.com
cf.yahoo.com
cg42.c4.mail.gq1.yahoo.com
cg47.c4.mail.gq1.yahoo.com
ch.images.search.yahoo.com
ch.search.yahoo.com
ch.yahoo.com
ch.yhs4.search.yahoo.com
cl.search.yahoo.com
cm.my.yahoo.com
cn.yahoo.com
co.search.yahoo.com
cocina.yahoo.com
compose.mail.yahoo.com
cricket.yahoo.com
cs109p1.us1.msg.gq1.yahoo.com
cspr170.c107.cal.gq1.yahoo.com
cuba.yahoo.com
db2.backup.finance.ir2.yahoo.com
de-mg42.mail.yahoo.com
de-mg6.mail.yahoo.com
de.adserver.yahoo.com
de.answers.yahoo.com
de.eurosport.yahoo.com
de.finance.yahoo.com
de.groups.yahoo.com
de.horoskop.yahoo.com
de.images.search.yahoo.com
de.kino.yahoo.com
de.mail.yahoo.com
de.messenger.yahoo.com
de.my.yahoo.com
de.nachrichten.yahoo.com
de.rd.yahoo.com
de.search.yahoo.com
de.sports.yahoo.com
de.stars.yahoo.com
de.style.yahoo.com
de.yahoo.com
de.yhs4.search.yahoo.com
deli10529.mail.ir2.yahoo.com
deli200256.mail.ne1.yahoo.com
dev1cws2.xobni.bf1.yahoo.com
developer.yahoo.com
dictionary.search.yahoo.com
diebestenserien.yahoo.com
dir.yahoo.com
dist.corp.yahoo.com
dk.search.yahoo.com
dk.yahoo.com
docs.yahoo.com
domains.yahoo.com
download.finance.yahoo.com
downloads.yahoo.com
e1.mail.yahoo.com
e1.messenger.yahoo.com
e12.ycpi.nya.yahoo.com
east-yms.ops.yahoo.com
edit.europe.yahoo.com
edit.finance.yahoo.com
edit.my.yahoo.com
edit.yahoo.com
email.yahoo.com
en-maktoob.yahoo.com
es-mg42.mail.yahoo.com
es-us.celebridades.yahoo.com
es-us.cine.yahoo.com
es-us.finanzas.yahoo.com
es-us.noticias.yahoo.com
es-us.screen.yahoo.com
es-us.vida-estilo.yahoo.com
es.answers.yahoo.com
es.celebrity.yahoo.com
es.eurosport.yahoo.com
es.finance.yahoo.com
es.mail.yahoo.com
es.mg40.mail.yahoo.com
es.noticias.yahoo.com
es.search.yahoo.com
es.sports.yahoo.com
es.tv.yahoo.com
es.vida-estilo.yahoo.com
es.yahoo.com
es.yhs4.search.yahoo.com
espanol.answers.yahoo.com
espanol.images.search.yahoo.com
espanol.search.yahoo.com
espanol.yahoo.com
eur.help.yahoo.com
everything.yahoo.com
extdevapp15-vm.cc.gq1.yahoo.com
fantasy.yahoo.com
fantasysports.yahoo.com
fc.yahoo.com
feedback.help.yahoo.com
feedback.yahoo.com
fi.yahoo.com
finance.groups.yahoo.com
finance.yahoo.com
football.fantasysports.yahoo.com
fr-mg41.mail.yahoo.com
fr-mg42.mail.yahoo.com
fr.aide.yahoo.com
fr.answers.yahoo.com
fr.astrology.yahoo.com
fr.cinema.yahoo.com
fr.everything.yahoo.com
fr.finance.yahoo.com
fr.groups.yahoo.com
fr.images.search.yahoo.com
fr.mail.yahoo.com
fr.meteo.yahoo.com
fr.mg.mail.yahoo.com
fr.mg40.mail.yahoo.com
fr.mg41.mail.yahoo.com
fr.news.yahoo.com
fr.overview.mail.yahoo.com
fr.people.yahoo.com
fr.pourelles.yahoo.com
fr.rd.yahoo.com
fr.search.yahoo.com
fr.sites.yahoo.com
fr.sports.yahoo.com
fr.style.yahoo.com
fr.tech.yahoo.com
fr.yahoo.com
fr.yhs4.search.yahoo.com
frontier.my.yahoo.com
frontier.software.yahoo.com
frontier.yahoo.com
games.yahoo.com
gemini.yahoo.com
gma.yahoo.com
goingthere.yahoo.com
golf.fantasysports.yahoo.com
gr.mail.yahoo.com
gr.yahoo.com
groups.yahoo.com
gs13.games.bf1.yahoo.com
gs17.games.bf1.yahoo.com
gsc12.games.gq1.yahoo.com
hdf2.fp.vip.ne1.yahoo.com
health.groups.yahoo.com
help.yahoo.com
hg137.mail.ir2.yahoo.com
hg403.mail.ne1.yahoo.com
hk.auctions.yahoo.com
hk.celebrity.yahoo.com
hk.deals.yahoo.com
hk.dictionary.search.yahoo.com
hk.dictionary.yahoo.com
hk.f1.page.auctions.yahoo.com
hk.finance.yahoo.com
hk.forum.search.yahoo.com
hk.lifestyle.yahoo.com
hk.mail.yahoo.com
hk.messenger.yahoo.com
hk.news.yahoo.com
hk.rd.yahoo.com
hk.style.yahoo.com
hk.user.auctions.yahoo.com
hk.yahoo.com
hkstylemen.yahoo.com
hockey.fantasysports.yahoo.com
home.bt.yahoo.com
home.verizon.yahoo.com
homes.yahoo.com
hoy.yahoo.com
hsrd.yahoo.com
ichart.finance.yahoo.com
id.images.search.yahoo.com
id.search.yahoo.com
id.video.search.yahoo.com
id.yahoo.com
id.yhs4.search.yahoo.com
ideanetsetter.yahoo.com
ie.yahoo.com
images.search.yahoo.com
in.business.yahoo.com
in.celebrity.yahoo.com
in.everything.yahoo.com
in.finance.yahoo.com
in.images.search.yahoo.com
in.lifestyle.yahoo.com
in.movies.yahoo.com
in.my.yahoo.com
in.news.yahoo.com
in.search.yahoo.com
in.style.yahoo.com
in.tikona.yahoo.com
in.yahoo.com
in.yhs4.search.yahoo.com
info.yahoo.com
io.help.yahoo.com
ir4.fp.sg3.yahoo.com
it-mg42.mail.yahoo.com
it.answers.yahoo.com
it.celebrity.yahoo.com
it.eurosport.yahoo.com
it.everything.yahoo.com
it.finance.yahoo.com
it.games.yahoo.com
it.groups.yahoo.com
it.images.search.yahoo.com
it.mail.yahoo.com
it.meteo.yahoo.com
it.mg40.mail.yahoo.com
it.mg41.mail.yahoo.com
it.mobile.yahoo.com
it.notizie.yahoo.com
it.rd.yahoo.com
it.search.yahoo.com
it.siti.yahoo.com
it.sports.yahoo.com
it.yahoo.com
it.yhs4.search.yahoo.com
jws11143.mail.ir2.yahoo.com
kr.kids.yahoo.com
l3.ycs.tw1.yahoo.com
launch.yahoo.com
lego.featured.yahoo.com
lifeandharmony.yahoo.com
livenationpresents.yahoo.com
lo0.cry1.sg3.yahoo.com
local.yahoo.com
login.europe.yahoo.com
login.yahoo.com
lwebgw16.mobile.gq1.yahoo.com
lyd6.mall.tp2.yahoo.com
m.de.yahoo.com
m.fr.yahoo.com
m.www.yahoo.com
m.yahoo.com
m3.finance.bf1.yahoo.com
m6info.yahoo.com
mai.yahoo.com
mail.yahoo.com
maktoob.omg.yahoo.com
maktoob.yahoo.com
malaysia.search.yahoo.com
malaysia.yahoo.com
malaysia.yhs4.search.yahoo.com
maps.yahoo.com
me.yahoo.com
media28.mobile.gq1.yahoo.com
messages.finance.yahoo.com
messenger.yahoo.com
mg101.mg1061.mail.sg3.yahoo.com
mg122.mail.ne1.yahoo.com
minosfe.local.vip.gq1.yahoo.com
mix140601.mail.bf1.yahoo.com
mlogin.yahoo.com
mobile.yahoo.com
movies.yahoo.com
mrd.mail.yahoo.com
mrest20.citizen.gq1.yahoo.com
mrest37.citizen.gq1.yahoo.com
ms-my.yahoo.com
msg.edit.yahoo.com
mta1001.sbc.mail.ne1.yahoo.com
mta1171.mail.sg3.yahoo.com
mta1190.mail.ir2.yahoo.com
mta1257.mail.ne1.yahoo.com
mta1348.mail.ne1.yahoo.com
mta1377.mail.gq1.yahoo.com
mta1425.mail.bf1.yahoo.com
mta1445.mail.bf1.yahoo.com
mta1654.mail.gq1.yahoo.com
mtsindia.yahoo.com
music.yahoo.com
mx.answers.yahoo.com
mx.search.yahoo.com
mx.yahoo.com
mx.yhs4.search.yahoo.com
my.yahoo.com
na.ads.yahoo.com
nba.yahoo.com
nc24.n1061.mail.sg3.yahoo.com
nc67.n5.mail.ne1.yahoo.com
news.search.yahoo.com
news.yahoo.com
nl.search.yahoo.com
nl.yhs4.search.yahoo.com
no.search.yahoo.com
notepad.yahoo.com
nz.entertainment.yahoo.com
nz.everything.yahoo.com
nz.finance.yahoo.com
nz.lifestyle.yahoo.com
nz.mail.yahoo.com
nz.search.yahoo.com
nz.travel.yahoo.com
nz.yahoo.com
o.analytics.yahoo.com
omg.yahoo.com
omp1005.access.mail.bf1.yahoo.com
omp1005.access.mail.gq1.yahoo.com
opium1.us2.msg.vip.bf1.yahoo.com
opsdb.corp.yahoo.com
overview.mail.yahoo.com
p2.rd.gq1.yahoo.com
partnerads.ysm.yahoo.com
partnerinsights.yahoo.com
pay2.mail.gq1.yahoo.com
pe.search.yahoo.com
people.yahoo.com
ph.news.yahoo.com
ph.search.yahoo.com
ph.yahoo.com
ph.yhs4.search.yahoo.com
photos.yahoo.com
pipes.yahoo.com
pl.search.yahoo.com
pl.yahoo.com
pn1.adserver.yahoo.com
popevisit2015.yahoo.com
postmaster.yahoo.com
pr-bh.ybp.yahoo.com
pr-bucket.ybp.yahoo.com
pr.comet.yahoo.com
pr.ybp.yahoo.com
pr22.mail.corp.gq1.yahoo.com
pr50.mail.corp.gq1.yahoo.com
privacy.yahoo.com
profile.yahoo.com
profiles.sports.yahoo.com
profiles.yahoo.com
proxy221.mobile.bf1.yahoo.com
pulse.yahoo.com
pws1.msg.vip.gq1.yahoo.com
qc.yahoo.com
qfdist1.finance.vip.ne1.yahoo.com
quote.yahoo.com
r.search.yahoo.com
r08.member.ir2.yahoo.com
racing.fantasysports.yahoo.com
rd.yahoo.com
real-chart.finance.yahoo.com
red.clientapps.yahoo.com
research.yahoo.com
rev22.sonora.gq1.yahoo.com
rev310.sonora.ne1.yahoo.com
ri.search.yahoo.com
rivals.yahoo.com
ro.mail.yahoo.com
ro.stiri.yahoo.com
ro.yahoo.com
rogers.mail.yahoo.com
rogers.yahoo.com
ru.search.yahoo.com
ru.yahoo.com
s-pm-us.dp.yahoo.com
safety.yahoo.com
saludbucal.yahoo.com
sbc.yahoo.com
sbl-shd2.uni.ir2.yahoo.com
sbl241.uni.bf1.yahoo.com
screen.yahoo.com
se.search.yahoo.com
se.yahoo.com
search.corp.yahoo.com
search.espanol.yahoo.com
search.yahoo.com
security.yahoo.com
sg-everydayme.featured.yahoo.com
sg.celebrity.yahoo.com
sg.finance.yahoo.com
sg.mail.yahoo.com
sg.movies.yahoo.com
sg.news.yahoo.com
sg.search.yahoo.com
sg.sports.yahoo.com
sg.style.yahoo.com
sg.yahoo.com
shine.yahoo.com
shopping.yahoo.com
sip113p2.us1.voice.gq1.yahoo.com
siteexplorer.search.yahoo.com
sky.mail.yahoo.com
slw11.fp.sg3.yahoo.com
smallbusiness.yahoo.com
smarttv.yahoo.com
smtp134-mob.biz.mail.bf1.yahoo.com
sp.analytics.yahoo.com
sport.yahoo.com
sports.yahoo.com
static6.finance.bf1.yahoo.com
store.yahoo.com
streamerapi.finance.yahoo.com
streamerapi26.finance.gq1.yahoo.com
submit.search.yahoo.com
subs.communications.yahoo.com
sugg.us.search.yahoo.com
surveylink.yahoo.com
tardis38.cal.gq1.yahoo.com
tata.yahoo.com
tatadocomo.yahoo.com
taxes.yahoo.com
tech.groups.yahoo.com
tg1.bullet.mail.bf1.yahoo.com
th.search.yahoo.com
th.yahoo.com
th.yhs4.search.yahoo.com
thumbp109.mail.ir2.yahoo.com
tikona.yahoo.com
tiny.corp.yahoo.com
tm13.bullet.mail.gq1.yahoo.com
tm13.bullet.mail.sg3.yahoo.com
toolbar.yahoo.com
tournament.fantasysports.yahoo.com
tr.yahoo.com
travel.yahoo.com
travelinspirations.yahoo.com
tv.yahoo.com
tw.bid.yahoo.com
tw.buy.yahoo.com
tw.celebrity.yahoo.com
tw.charity.yahoo.com
tw.dictionary.search.yahoo.com
tw.dictionary.yahoo.com
tw.dir.yahoo.com
tw.finance.yahoo.com
tw.knowledge.yahoo.com
tw.mail.yahoo.com
tw.mall.yahoo.com
tw.mg30.mail.yahoo.com
tw.money.yahoo.com
tw.movies.yahoo.com
tw.myblog.yahoo.com
tw.news.yahoo.com
tw.rd.yahoo.com
tw.search.bid.yahoo.com
tw.search.yahoo.com
tw.sports.yahoo.com
tw.stock.yahoo.com
tw.style.yahoo.com
tw.user.bid.yahoo.com
tw.user.mall.yahoo.com
tw.weather.yahoo.com
tw.yahoo.com
tw1-sdarlaws-003.adx.tw1.yahoo.com
uk-mg-bt.mail.yahoo.com
uk-mg41.mail.yahoo.com
uk-mg42.mail.yahoo.com
uk-mg6.mail.yahoo.com
uk.answers.yahoo.com
uk.antispam.yahoo.com
uk.astrology.yahoo.com
uk.celebrity.yahoo.com
uk.eurosport.yahoo.com
uk.everything.yahoo.com
uk.finance.yahoo.com
uk.groups.yahoo.com
uk.images.search.yahoo.com
uk.lifestyle.yahoo.com
uk.mail.yahoo.com
uk.mc1714.mail.yahoo.com
uk.mg.bt.mail.yahoo.com
uk.mg40.mail.yahoo.com
uk.mg41.mail.yahoo.com
uk.mobile.yahoo.com
uk.movies.yahoo.com
uk.my.yahoo.com
uk.news.yahoo.com
uk.overview.mail.yahoo.com
uk.search.yahoo.com
uk.sports.yahoo.com
uk.style.yahoo.com
uk.yahoo.com
uk.yhs4.search.yahoo.com
upcoming.yahoo.com
us-mg-bt.mail.yahoo.com
us-mg0.mail.yahoo.com
us-mg205.mail.yahoo.com
us-mg5.mail.yahoo.com
us-mg6.mail.yahoo.com
us-mg61.mail.yahoo.com
us.bookmarks.yahoo.com
us.data.toolbar.yahoo.com
us.edit.toolbar.yahoo.com
us.lrd.yahoo.com
us.m.yahoo.com
us.mail.yahoo.com
us.mc1634.mail.yahoo.com
us.mg.mail.yahoo.com
us.mg2.mail.yahoo.com
us.mg203.mail.yahoo.com
us.mg204.mail.yahoo.com
us.mg205.mail.yahoo.com
us.mg4.mail.yahoo.com
us.mg5.mail.yahoo.com
us.mg6.mail.yahoo.com
us.rd.yahoo.com
us.search.yahoo.com
us.yahoo.com
us.yhs4.search.yahoo.com
ve.search.yahoo.com
venus.corp.yahoo.com
verizon.edit.client.yahoo.com
verizon.my.yahoo.com
verizon.yahoo.com
vidasana.yahoo.com
video-api.yql.yahoo.com
video.search.yahoo.com
video.yahoo.com
vm61-geobeacon.data.prod.bf1.yahoo.com
vn.mg60.mail.yahoo.com
vn.rd.yahoo.com
vn.search.yahoo.com
vn.yahoo.com
vn.yhs4.search.yahoo.com
voices.yahoo.com
w112.hk.promo.tw1.yahoo.com
w2.src.vip.sg3.yahoo.com
w200.promo.tp2.yahoo.com
weather.yahoo.com
web120305.mail.ne1.yahoo.com
web125902.mail.ne1.yahoo.com
web133004.mail.ir2.yahoo.com
web164003.mail.gq1.yahoo.com
web171201.mail.ir2.yahoo.com
web26.usm2.mobstor.gq1.yahoo.com
webhosting.yahoo.com
webscope.sandbox.yahoo.com
widgets.yahoo.com
ww.yahoo.com
www.es.yahoo.com
www.finance.yahoo.com
www.in.yahoo.com
www.mail.yahoo.com
www.my.yahoo.com
www.rogers.yahoo.com
www.yahoo.com
xml.weather.yahoo.com
y.analytics.yahoo.com
y3.analytics.yahoo.com
yahoo.com
yep.video.yahoo.com
ypn-portaui.ysm.vip.bf1.yahoo.com
