0.client-channel.google.com
15-130-177-166.cache.google.com
aboutme.google.com
accounts.google.com
admin.google.com
ads.google.com
adsense.google.com
adwords.google.com
alerts.google.com
analytics.google.com
android.clients.google.com
answers.google.com
api.google.com
apis.google.com
appengine.google.com
apps.google.com
archive.google.com
aspmx.l.google.com
atap.google.com
awics.corp.google.com
b.corp.google.com
base.google.com
billing.google.com
blog.google.com
blogger.google.com
blogsearch.google.com
bookmarks.google.com
books.google.com
buganizer.corp.google.com
business.google.com
cache.google.com
cache.pack.google.com
cache40.google.com
calendar.google.com
cases.corp.google.com
cast.google.com
castor.corp.google.com
cbk0.google.com
chart.apis.google.com
checkout.google.com
chrome.google.com
classroom.google.com
clients1.google.com
clients3.google.com
clients5.google.com
cloud.google.com
code.google.com
consent.google.com
console.cloud.google.com
console.developer.google.com
console.developers.google.com
contacts.google.com
cse.google.com
datalab.cloud.google.com
design.google.com
desktop.google.com
developer.google.com
developers.google.com
directory.google.com
ditu.google.com
dl-ssl.google.com
dl.google.com
dns.google.com
doc.google.com
docs.google.com
domains.google.com
drive.google.com
drive.sandbox.google.com
earth.google.com
earthengine.google.com
economicimpact.google.com
ediscovery.google.com
email-quarantine.google.com
encrypted.google.com
enterprise.google.com
events.google.com
explorer.earthengine.google.com
feedburner.google.com
feedproxy.google.com
fi.google.com
fiber.google.com
finance.google.com
firebase.google.com
fit.google.com
flights.google.com
forcesafesearch.google.com
forms.google.com
froogle.google.com
fusion.google.com
gearloose.corp.google.com
geoauth.google.com
get.google.com
ggcadmin.google.com
ghs.google.com
glass.google.com
gmail-smtp-in.l.google.com
gmail.google.com
go.corp.google.com
google-public-dns-a.google.com
google-public-dns-b.google.com
goto.google.com
groups-beta.google.com
groups.google.com
gsademo27.google.com
hangout.google.com
hangouts.google.com
help.google.com
history.google.com
home.google.com
hotpotato.corp.google.com
image.google.com
images.google.com
inbox.google.com
investor.google.com
ipv4.google.com
ipv6test.google.com
jibe.google.com
jigsaw.google.com
kc.cache.google.com
keep.google.com
kh.google.com
knol.google.com
labs.google.com
linkhelp.clients.google.com
local.google.com
login.corp.google.com
m.google.com
m.guts.corp.google.com
mail.google.com
map.google.com
mapmaker.google.com
maps.google.com
mapsengine.google.com
merchants.google.com
moon.google.com
movies.google.com
music.google.com
mw1.google.com
mw2.google.com
myaccount.google.com
mybusiness.google.com
ncastor.corp.google.com
news.google.com
on.google.com
onetoday.google.com
orkut.google.com
pack.google.com
partnerpage.google.com
passwords.google.com
patents.google.com
payments.google.com
photo.google.com
photos.google.com
picasa.google.com
picasaweb.google.com
pixel.google.com
pki.google.com
play.google.com
plus.google.com
plus.url.google.com
plx.corp.google.com
postmaster.google.com
privacy.google.com
productforums.google.com
profiles.google.com
prosper.corp.google.com
research.google.com
safebrowsing-cache.google.com
safebrowsing.clients.google.com
safebrowsing.google.com
santatracker.google.com
sb.google.com
sb.l.google.com
scholar.google.com
script.google.com
search.google.com
security.google.com
services.google.com
sheets.google.com
shopping.google.com
sites.google.com
sketchup.google.com
slides.google.com
sorry.google.com
spaces.google.com
spreadsheet.google.com
spreadsheets.google.com
status.cloud.google.com
storage.cloud.google.com
store.google.com
suggestqueries.google.com
support.google.com
tagmanager.google.com
talk.google.com
talkgadget.google.com
terrabella.google.com
toolbar.google.com
toolbarqueries.google.com
tools.google.com
translate.google.com
trends.google.com
valhalla.corp.google.com
video.google.com
videos.google.com
voice.google.com
vr.google.com
wallet.google.com
wap.google.com
webmaster.google.com
wiki.corp.google.com
work.google.com
ww.google.com
www.adwords.google.com
www.corp.google.com
www.docs.google.com
www.drive.google.com
www.gmail.google.com
www.google.com
www.groups.google.com
www.images.google.com
www.maps.google.com
www.news.google.com
www.plus.google.com
www.scholar.google.com
www.sites.google.com
www.support.google.com
www.translate.google.com
